../Core/Src/main.c:83:6:Mostrar_J1	5
../Core/Src/main.c:119:6:Mostrar_J2	5
../Core/Src/main.c:156:6:Apagar_Leds	1
../Core/Src/main.c:177:6:Display_Segmentos	1
../Core/Src/main.c:212:6:Display_Numero	7
../Core/Src/main.c:247:6:Display_Apagar	1
../Core/Src/main.c:258:6:Ganador_J1	1
../Core/Src/main.c:281:6:Ganador_J2	1
../Core/Src/main.c:305:6:HAL_GPIO_EXTI_Callback	12
../Core/Src/main.c:401:6:Cuenta_Regresiva	1
../Core/Src/main.c:458:5:main	2
../Core/Src/main.c:514:6:SystemClock_Config	3
../Core/Src/main.c:562:13:MX_GPIO_Init	1
../Core/Src/main.c:666:6:Error_Handler	1
