../Core/Src/main.c:83:6:Mostrar_J1	16	static
../Core/Src/main.c:119:6:Mostrar_J2	16	static
../Core/Src/main.c:156:6:Apagar_Leds	8	static
../Core/Src/main.c:177:6:Display_Segmentos	24	static
../Core/Src/main.c:212:6:Display_Numero	32	static
../Core/Src/main.c:247:6:Display_Apagar	24	static
../Core/Src/main.c:258:6:Ganador_J1	8	static
../Core/Src/main.c:281:6:Ganador_J2	8	static
../Core/Src/main.c:305:6:HAL_GPIO_EXTI_Callback	24	static
../Core/Src/main.c:401:6:Cuenta_Regresiva	8	static
../Core/Src/main.c:458:5:main	8	static
../Core/Src/main.c:514:6:SystemClock_Config	88	static
../Core/Src/main.c:562:13:MX_GPIO_Init	48	static
../Core/Src/main.c:666:6:Error_Handler	4	static,ignoring_inline_asm
